Archive member included to satisfy reference by file (symbol)

c:/st/stm32cubeide_1.3.0/stm32cubeide/plugins/com.st.stm32cube.ide.mcu.externaltools.gnu-tools-for-stm32.7-2018-q2-update.win32_1.0.0.201904181610/tools/bin/../lib/gcc/arm-none-eabi/7.3.1/../../../../arm-none-eabi/lib/thumb/v7e-m/fpv4-sp/hard\libc_nano.a(lib_a-exit.o)
                              c:/st/stm32cubeide_1.3.0/stm32cubeide/plugins/com.st.stm32cube.ide.mcu.externaltools.gnu-tools-for-stm32.7-2018-q2-update.win32_1.0.0.201904181610/tools/bin/../lib/gcc/arm-none-eabi/7.3.1/../../../../arm-none-eabi/lib/thumb/v7e-m/fpv4-sp/hard/crt0.o (exit)
c:/st/stm32cubeide_1.3.0/stm32cubeide/plugins/com.st.stm32cube.ide.mcu.externaltools.gnu-tools-for-stm32.7-2018-q2-update.win32_1.0.0.201904181610/tools/bin/../lib/gcc/arm-none-eabi/7.3.1/../../../../arm-none-eabi/lib/thumb/v7e-m/fpv4-sp/hard\libc_nano.a(lib_a-impure.o)
                              c:/st/stm32cubeide_1.3.0/stm32cubeide/plugins/com.st.stm32cube.ide.mcu.externaltools.gnu-tools-for-stm32.7-2018-q2-update.win32_1.0.0.201904181610/tools/bin/../lib/gcc/arm-none-eabi/7.3.1/../../../../arm-none-eabi/lib/thumb/v7e-m/fpv4-sp/hard\libc_nano.a(lib_a-exit.o) (_global_impure_ptr)
c:/st/stm32cubeide_1.3.0/stm32cubeide/plugins/com.st.stm32cube.ide.mcu.externaltools.gnu-tools-for-stm32.7-2018-q2-update.win32_1.0.0.201904181610/tools/bin/../lib/gcc/arm-none-eabi/7.3.1/../../../../arm-none-eabi/lib/thumb/v7e-m/fpv4-sp/hard\libc_nano.a(lib_a-init.o)
                              c:/st/stm32cubeide_1.3.0/stm32cubeide/plugins/com.st.stm32cube.ide.mcu.externaltools.gnu-tools-for-stm32.7-2018-q2-update.win32_1.0.0.201904181610/tools/bin/../lib/gcc/arm-none-eabi/7.3.1/../../../../arm-none-eabi/lib/thumb/v7e-m/fpv4-sp/hard/crt0.o (__libc_init_array)
c:/st/stm32cubeide_1.3.0/stm32cubeide/plugins/com.st.stm32cube.ide.mcu.externaltools.gnu-tools-for-stm32.7-2018-q2-update.win32_1.0.0.201904181610/tools/bin/../lib/gcc/arm-none-eabi/7.3.1/../../../../arm-none-eabi/lib/thumb/v7e-m/fpv4-sp/hard\libc_nano.a(lib_a-memset.o)
                              c:/st/stm32cubeide_1.3.0/stm32cubeide/plugins/com.st.stm32cube.ide.mcu.externaltools.gnu-tools-for-stm32.7-2018-q2-update.win32_1.0.0.201904181610/tools/bin/../lib/gcc/arm-none-eabi/7.3.1/../../../../arm-none-eabi/lib/thumb/v7e-m/fpv4-sp/hard/crt0.o (memset)
c:/st/stm32cubeide_1.3.0/stm32cubeide/plugins/com.st.stm32cube.ide.mcu.externaltools.gnu-tools-for-stm32.7-2018-q2-update.win32_1.0.0.201904181610/tools/bin/../lib/gcc/arm-none-eabi/7.3.1/../../../../arm-none-eabi/lib/thumb/v7e-m/fpv4-sp/hard\libc_nano.a(lib_a-strlen.o)
                              Src/011usart_tx.o (strlen)
c:/st/stm32cubeide_1.3.0/stm32cubeide/plugins/com.st.stm32cube.ide.mcu.externaltools.gnu-tools-for-stm32.7-2018-q2-update.win32_1.0.0.201904181610/tools/bin/../lib/gcc/arm-none-eabi/7.3.1/../../../../arm-none-eabi/lib/thumb/v7e-m/fpv4-sp/hard\libnosys.a(_exit.o)
                              c:/st/stm32cubeide_1.3.0/stm32cubeide/plugins/com.st.stm32cube.ide.mcu.externaltools.gnu-tools-for-stm32.7-2018-q2-update.win32_1.0.0.201904181610/tools/bin/../lib/gcc/arm-none-eabi/7.3.1/../../../../arm-none-eabi/lib/thumb/v7e-m/fpv4-sp/hard\libc_nano.a(lib_a-exit.o) (_exit)

Allocating common symbols
Common symbol       size              file

usart2_handle       0x24              Src/011usart_tx.o

Discarded input sections

 .text          0x0000000000000000        0x0 c:/st/stm32cubeide_1.3.0/stm32cubeide/plugins/com.st.stm32cube.ide.mcu.externaltools.gnu-tools-for-stm32.7-2018-q2-update.win32_1.0.0.201904181610/tools/bin/../lib/gcc/arm-none-eabi/7.3.1/thumb/v7e-m/fpv4-sp/hard/crti.o
 .data          0x0000000000000000        0x0 c:/st/stm32cubeide_1.3.0/stm32cubeide/plugins/com.st.stm32cube.ide.mcu.externaltools.gnu-tools-for-stm32.7-2018-q2-update.win32_1.0.0.201904181610/tools/bin/../lib/gcc/arm-none-eabi/7.3.1/thumb/v7e-m/fpv4-sp/hard/crti.o
 .bss           0x0000000000000000        0x0 c:/st/stm32cubeide_1.3.0/stm32cubeide/plugins/com.st.stm32cube.ide.mcu.externaltools.gnu-tools-for-stm32.7-2018-q2-update.win32_1.0.0.201904181610/tools/bin/../lib/gcc/arm-none-eabi/7.3.1/thumb/v7e-m/fpv4-sp/hard/crti.o
 .data          0x0000000000000000        0x4 c:/st/stm32cubeide_1.3.0/stm32cubeide/plugins/com.st.stm32cube.ide.mcu.externaltools.gnu-tools-for-stm32.7-2018-q2-update.win32_1.0.0.201904181610/tools/bin/../lib/gcc/arm-none-eabi/7.3.1/thumb/v7e-m/fpv4-sp/hard/crtbegin.o
 .text          0x0000000000000000       0x74 c:/st/stm32cubeide_1.3.0/stm32cubeide/plugins/com.st.stm32cube.ide.mcu.externaltools.gnu-tools-for-stm32.7-2018-q2-update.win32_1.0.0.201904181610/tools/bin/../lib/gcc/arm-none-eabi/7.3.1/../../../../arm-none-eabi/lib/thumb/v7e-m/fpv4-sp/hard/crt0.o
 .data          0x0000000000000000        0x0 c:/st/stm32cubeide_1.3.0/stm32cubeide/plugins/com.st.stm32cube.ide.mcu.externaltools.gnu-tools-for-stm32.7-2018-q2-update.win32_1.0.0.201904181610/tools/bin/../lib/gcc/arm-none-eabi/7.3.1/../../../../arm-none-eabi/lib/thumb/v7e-m/fpv4-sp/hard/crt0.o
 .bss           0x0000000000000000        0x0 c:/st/stm32cubeide_1.3.0/stm32cubeide/plugins/com.st.stm32cube.ide.mcu.externaltools.gnu-tools-for-stm32.7-2018-q2-update.win32_1.0.0.201904181610/tools/bin/../lib/gcc/arm-none-eabi/7.3.1/../../../../arm-none-eabi/lib/thumb/v7e-m/fpv4-sp/hard/crt0.o
 .ARM.extab     0x0000000000000000        0x0 c:/st/stm32cubeide_1.3.0/stm32cubeide/plugins/com.st.stm32cube.ide.mcu.externaltools.gnu-tools-for-stm32.7-2018-q2-update.win32_1.0.0.201904181610/tools/bin/../lib/gcc/arm-none-eabi/7.3.1/../../../../arm-none-eabi/lib/thumb/v7e-m/fpv4-sp/hard/crt0.o
 .ARM.exidx     0x0000000000000000        0x8 c:/st/stm32cubeide_1.3.0/stm32cubeide/plugins/com.st.stm32cube.ide.mcu.externaltools.gnu-tools-for-stm32.7-2018-q2-update.win32_1.0.0.201904181610/tools/bin/../lib/gcc/arm-none-eabi/7.3.1/../../../../arm-none-eabi/lib/thumb/v7e-m/fpv4-sp/hard/crt0.o
 .ARM.attributes
                0x0000000000000000       0x20 c:/st/stm32cubeide_1.3.0/stm32cubeide/plugins/com.st.stm32cube.ide.mcu.externaltools.gnu-tools-for-stm32.7-2018-q2-update.win32_1.0.0.201904181610/tools/bin/../lib/gcc/arm-none-eabi/7.3.1/../../../../arm-none-eabi/lib/thumb/v7e-m/fpv4-sp/hard/crt0.o
 .group         0x0000000000000000        0xc Src/011usart_tx.o
 .group         0x0000000000000000        0xc Src/011usart_tx.o
 .group         0x0000000000000000        0xc Src/011usart_tx.o
 .group         0x0000000000000000        0xc Src/011usart_tx.o
 .group         0x0000000000000000        0xc Src/011usart_tx.o
 .group         0x0000000000000000        0xc Src/011usart_tx.o
 .group         0x0000000000000000        0xc Src/011usart_tx.o
 .group         0x0000000000000000        0xc Src/011usart_tx.o
 .group         0x0000000000000000        0xc Src/011usart_tx.o
 .group         0x0000000000000000        0xc Src/011usart_tx.o
 .group         0x0000000000000000        0xc Src/011usart_tx.o
 .group         0x0000000000000000        0xc Src/011usart_tx.o
 .group         0x0000000000000000        0xc Src/011usart_tx.o
 .group         0x0000000000000000        0xc Src/011usart_tx.o
 .group         0x0000000000000000        0xc Src/011usart_tx.o
 .group         0x0000000000000000        0xc Src/011usart_tx.o
 .group         0x0000000000000000        0xc Src/011usart_tx.o
 .group         0x0000000000000000        0xc Src/011usart_tx.o
 .group         0x0000000000000000        0xc Src/011usart_tx.o
 .group         0x0000000000000000        0xc Src/011usart_tx.o
 .group         0x0000000000000000        0xc Src/011usart_tx.o
 .group         0x0000000000000000        0xc Src/011usart_tx.o
 .group         0x0000000000000000        0xc Src/011usart_tx.o
 .group         0x0000000000000000        0xc Src/011usart_tx.o
 .group         0x0000000000000000        0xc Src/011usart_tx.o
 .group         0x0000000000000000        0xc Src/011usart_tx.o
 .text          0x0000000000000000        0x0 Src/011usart_tx.o
 .data          0x0000000000000000        0x0 Src/011usart_tx.o
 .bss           0x0000000000000000        0x0 Src/011usart_tx.o
 .text          0x0000000000000000       0x14 Startup/startup_stm32f446retx.o
 .data          0x0000000000000000        0x0 Startup/startup_stm32f446retx.o
 .bss           0x0000000000000000        0x0 Startup/startup_stm32f446retx.o
 .group         0x0000000000000000        0xc drivers/Src/stm32f44xx_gpio_driver.o
 .group         0x0000000000000000        0xc drivers/Src/stm32f44xx_gpio_driver.o
 .group         0x0000000000000000        0xc drivers/Src/stm32f44xx_gpio_driver.o
 .group         0x0000000000000000        0xc drivers/Src/stm32f44xx_gpio_driver.o
 .group         0x0000000000000000        0xc drivers/Src/stm32f44xx_gpio_driver.o
 .group         0x0000000000000000        0xc drivers/Src/stm32f44xx_gpio_driver.o
 .group         0x0000000000000000        0xc drivers/Src/stm32f44xx_gpio_driver.o
 .group         0x0000000000000000        0xc drivers/Src/stm32f44xx_gpio_driver.o
 .group         0x0000000000000000        0xc drivers/Src/stm32f44xx_gpio_driver.o
 .group         0x0000000000000000        0xc drivers/Src/stm32f44xx_gpio_driver.o
 .group         0x0000000000000000        0xc drivers/Src/stm32f44xx_gpio_driver.o
 .group         0x0000000000000000        0xc drivers/Src/stm32f44xx_gpio_driver.o
 .group         0x0000000000000000        0xc drivers/Src/stm32f44xx_gpio_driver.o
 .text          0x0000000000000000        0x0 drivers/Src/stm32f44xx_gpio_driver.o
 .data          0x0000000000000000        0x0 drivers/Src/stm32f44xx_gpio_driver.o
 .bss           0x0000000000000000        0x0 drivers/Src/stm32f44xx_gpio_driver.o
 .text.GPIO_DeInit
                0x0000000000000000      0x148 drivers/Src/stm32f44xx_gpio_driver.o
 .text.GPIO_ReadFromInputPort
                0x0000000000000000       0x1e drivers/Src/stm32f44xx_gpio_driver.o
 .text.GPIO_WriteToOutputPin
                0x0000000000000000       0x4a drivers/Src/stm32f44xx_gpio_driver.o
 .text.GPIO_WriteToOutputPort
                0x0000000000000000       0x1e drivers/Src/stm32f44xx_gpio_driver.o
 .text.GPIO_ToggleOutputPin
                0x0000000000000000       0x2a drivers/Src/stm32f44xx_gpio_driver.o
 .text.GPIO_IRQConfig
                0x0000000000000000      0x170 drivers/Src/stm32f44xx_gpio_driver.o
 .text.GPIO_IRQHandling
                0x0000000000000000       0x40 drivers/Src/stm32f44xx_gpio_driver.o
 .debug_macro   0x0000000000000000      0xa66 drivers/Src/stm32f44xx_gpio_driver.o
 .debug_macro   0x0000000000000000       0x22 drivers/Src/stm32f44xx_gpio_driver.o
 .debug_macro   0x0000000000000000       0x8e drivers/Src/stm32f44xx_gpio_driver.o
 .debug_macro   0x0000000000000000       0x51 drivers/Src/stm32f44xx_gpio_driver.o
 .debug_macro   0x0000000000000000       0xef drivers/Src/stm32f44xx_gpio_driver.o
 .debug_macro   0x0000000000000000       0x6a drivers/Src/stm32f44xx_gpio_driver.o
 .debug_macro   0x0000000000000000      0x1df drivers/Src/stm32f44xx_gpio_driver.o
 .debug_macro   0x0000000000000000      0x174 drivers/Src/stm32f44xx_gpio_driver.o
 .debug_macro   0x0000000000000000      0x73d drivers/Src/stm32f44xx_gpio_driver.o
 .debug_macro   0x0000000000000000       0x81 drivers/Src/stm32f44xx_gpio_driver.o
 .debug_macro   0x0000000000000000       0x7a drivers/Src/stm32f44xx_gpio_driver.o
 .debug_macro   0x0000000000000000       0x9c drivers/Src/stm32f44xx_gpio_driver.o
 .group         0x0000000000000000        0xc drivers/Src/stm32f44xx_i2c_driver.o
 .group         0x0000000000000000        0xc drivers/Src/stm32f44xx_i2c_driver.o
 .group         0x0000000000000000        0xc drivers/Src/stm32f44xx_i2c_driver.o
 .group         0x0000000000000000        0xc drivers/Src/stm32f44xx_i2c_driver.o
 .group         0x0000000000000000        0xc drivers/Src/stm32f44xx_i2c_driver.o
 .group         0x0000000000000000        0xc drivers/Src/stm32f44xx_i2c_driver.o
 .group         0x0000000000000000        0xc drivers/Src/stm32f44xx_i2c_driver.o
 .group         0x0000000000000000        0xc drivers/Src/stm32f44xx_i2c_driver.o
 .group         0x0000000000000000        0xc drivers/Src/stm32f44xx_i2c_driver.o
 .group         0x0000000000000000        0xc drivers/Src/stm32f44xx_i2c_driver.o
 .group         0x0000000000000000        0xc drivers/Src/stm32f44xx_i2c_driver.o
 .group         0x0000000000000000        0xc drivers/Src/stm32f44xx_i2c_driver.o
 .group         0x0000000000000000        0xc drivers/Src/stm32f44xx_i2c_driver.o
 .text          0x0000000000000000        0x0 drivers/Src/stm32f44xx_i2c_driver.o
 .data          0x0000000000000000        0x0 drivers/Src/stm32f44xx_i2c_driver.o
 .bss           0x0000000000000000        0x0 drivers/Src/stm32f44xx_i2c_driver.o
 .text.I2C_GenerateStartCondition
                0x0000000000000000       0x20 drivers/Src/stm32f44xx_i2c_driver.o
 .text.I2C_GenerateStopCondition
                0x0000000000000000       0x20 drivers/Src/stm32f44xx_i2c_driver.o
 .text.I2C_ClearADDRFlag
                0x0000000000000000       0x6e drivers/Src/stm32f44xx_i2c_driver.o
 .text.I2C_CloseReceiveData
                0x0000000000000000       0x5c drivers/Src/stm32f44xx_i2c_driver.o
 .text.I2C_CloseSendData
                0x0000000000000000       0x40 drivers/Src/stm32f44xx_i2c_driver.o
 .text.I2C_ManageAcking
                0x0000000000000000       0x38 drivers/Src/stm32f44xx_i2c_driver.o
 .text.I2C_PeriClockControl
                0x0000000000000000       0xb0 drivers/Src/stm32f44xx_i2c_driver.o
 .text.I2C_Config
                0x0000000000000000      0x168 drivers/Src/stm32f44xx_i2c_driver.o
 .text.I2C_DeConfig
                0x0000000000000000       0x88 drivers/Src/stm32f44xx_i2c_driver.o
 .text.I2C_PeripheralControl
                0x0000000000000000       0x38 drivers/Src/stm32f44xx_i2c_driver.o
 .text.I2C_GetFlagStatus
                0x0000000000000000       0x28 drivers/Src/stm32f44xx_i2c_driver.o
 .text.I2C_MasterSendData
                0x0000000000000000       0xe0 drivers/Src/stm32f44xx_i2c_driver.o
 .text.I2C_MasterReceiveData
                0x0000000000000000      0x12c drivers/Src/stm32f44xx_i2c_driver.o
 .text.I2C_MasterSendDataIT
                0x0000000000000000       0x86 drivers/Src/stm32f44xx_i2c_driver.o
 .text.I2C_MasterReceiveDataIT
                0x0000000000000000       0x8c drivers/Src/stm32f44xx_i2c_driver.o
 .text.I2C_SlaveSendData
                0x0000000000000000       0x1e drivers/Src/stm32f44xx_i2c_driver.o
 .text.I2C_SlaveReceiveData
                0x0000000000000000       0x1a drivers/Src/stm32f44xx_i2c_driver.o
 .text.I2C_SlaveCallBackEvents
                0x0000000000000000       0x68 drivers/Src/stm32f44xx_i2c_driver.o
 .text.I2C_IRQConfig
                0x0000000000000000      0x170 drivers/Src/stm32f44xx_i2c_driver.o
 .text.I2C_EV_IRQHandling
                0x0000000000000000      0x280 drivers/Src/stm32f44xx_i2c_driver.o
 .text.I2C_ER_IRQHandling
                0x0000000000000000      0x10c drivers/Src/stm32f44xx_i2c_driver.o
 .text.I2C_AppEventCallBack
                0x0000000000000000       0x18 drivers/Src/stm32f44xx_i2c_driver.o
 .debug_info    0x0000000000000000      0xa73 drivers/Src/stm32f44xx_i2c_driver.o
 .debug_abbrev  0x0000000000000000      0x208 drivers/Src/stm32f44xx_i2c_driver.o
 .debug_aranges
                0x0000000000000000       0xc8 drivers/Src/stm32f44xx_i2c_driver.o
 .debug_ranges  0x0000000000000000       0xb8 drivers/Src/stm32f44xx_i2c_driver.o
 .debug_macro   0x0000000000000000       0xc6 drivers/Src/stm32f44xx_i2c_driver.o
 .debug_macro   0x0000000000000000      0xa66 drivers/Src/stm32f44xx_i2c_driver.o
 .debug_macro   0x0000000000000000       0x22 drivers/Src/stm32f44xx_i2c_driver.o
 .debug_macro   0x0000000000000000       0x8e drivers/Src/stm32f44xx_i2c_driver.o
 .debug_macro   0x0000000000000000       0x51 drivers/Src/stm32f44xx_i2c_driver.o
 .debug_macro   0x0000000000000000       0xef drivers/Src/stm32f44xx_i2c_driver.o
 .debug_macro   0x0000000000000000       0x6a drivers/Src/stm32f44xx_i2c_driver.o
 .debug_macro   0x0000000000000000      0x1df drivers/Src/stm32f44xx_i2c_driver.o
 .debug_macro   0x0000000000000000      0x174 drivers/Src/stm32f44xx_i2c_driver.o
 .debug_macro   0x0000000000000000      0x73d drivers/Src/stm32f44xx_i2c_driver.o
 .debug_macro   0x0000000000000000       0x9c drivers/Src/stm32f44xx_i2c_driver.o
 .debug_macro   0x0000000000000000       0x3b drivers/Src/stm32f44xx_i2c_driver.o
 .debug_macro   0x0000000000000000       0x7a drivers/Src/stm32f44xx_i2c_driver.o
 .debug_macro   0x0000000000000000       0x7b drivers/Src/stm32f44xx_i2c_driver.o
 .debug_line    0x0000000000000000      0x834 drivers/Src/stm32f44xx_i2c_driver.o
 .debug_str     0x0000000000000000     0x6ffb drivers/Src/stm32f44xx_i2c_driver.o
 .comment       0x0000000000000000       0x7c drivers/Src/stm32f44xx_i2c_driver.o
 .debug_frame   0x0000000000000000      0x360 drivers/Src/stm32f44xx_i2c_driver.o
 .ARM.attributes
                0x0000000000000000       0x39 drivers/Src/stm32f44xx_i2c_driver.o
 .group         0x0000000000000000        0xc drivers/Src/stm32f44xx_rcc_driver.o
 .group         0x0000000000000000        0xc drivers/Src/stm32f44xx_rcc_driver.o
 .group         0x0000000000000000        0xc drivers/Src/stm32f44xx_rcc_driver.o
 .group         0x0000000000000000        0xc drivers/Src/stm32f44xx_rcc_driver.o
 .group         0x0000000000000000        0xc drivers/Src/stm32f44xx_rcc_driver.o
 .group         0x0000000000000000        0xc drivers/Src/stm32f44xx_rcc_driver.o
 .group         0x0000000000000000        0xc drivers/Src/stm32f44xx_rcc_driver.o
 .group         0x0000000000000000        0xc drivers/Src/stm32f44xx_rcc_driver.o
 .group         0x0000000000000000        0xc drivers/Src/stm32f44xx_rcc_driver.o
 .group         0x0000000000000000        0xc drivers/Src/stm32f44xx_rcc_driver.o
 .group         0x0000000000000000        0xc drivers/Src/stm32f44xx_rcc_driver.o
 .group         0x0000000000000000        0xc drivers/Src/stm32f44xx_rcc_driver.o
 .group         0x0000000000000000        0xc drivers/Src/stm32f44xx_rcc_driver.o
 .text          0x0000000000000000        0x0 drivers/Src/stm32f44xx_rcc_driver.o
 .data          0x0000000000000000        0x0 drivers/Src/stm32f44xx_rcc_driver.o
 .bss           0x0000000000000000        0x0 drivers/Src/stm32f44xx_rcc_driver.o
 .debug_macro   0x0000000000000000      0xa66 drivers/Src/stm32f44xx_rcc_driver.o
 .debug_macro   0x0000000000000000       0x22 drivers/Src/stm32f44xx_rcc_driver.o
 .debug_macro   0x0000000000000000       0x8e drivers/Src/stm32f44xx_rcc_driver.o
 .debug_macro   0x0000000000000000       0x51 drivers/Src/stm32f44xx_rcc_driver.o
 .debug_macro   0x0000000000000000       0xef drivers/Src/stm32f44xx_rcc_driver.o
 .debug_macro   0x0000000000000000       0x6a drivers/Src/stm32f44xx_rcc_driver.o
 .debug_macro   0x0000000000000000      0x1df drivers/Src/stm32f44xx_rcc_driver.o
 .debug_macro   0x0000000000000000      0x174 drivers/Src/stm32f44xx_rcc_driver.o
 .debug_macro   0x0000000000000000      0x73d drivers/Src/stm32f44xx_rcc_driver.o
 .debug_macro   0x0000000000000000       0x9c drivers/Src/stm32f44xx_rcc_driver.o
 .debug_macro   0x0000000000000000       0x3b drivers/Src/stm32f44xx_rcc_driver.o
 .debug_macro   0x0000000000000000       0x81 drivers/Src/stm32f44xx_rcc_driver.o
 .debug_macro   0x0000000000000000       0x7a drivers/Src/stm32f44xx_rcc_driver.o
 .group         0x0000000000000000        0xc drivers/Src/stm32f44xx_spi_driver.o
 .group         0x0000000000000000        0xc drivers/Src/stm32f44xx_spi_driver.o
 .group         0x0000000000000000        0xc drivers/Src/stm32f44xx_spi_driver.o
 .group         0x0000000000000000        0xc drivers/Src/stm32f44xx_spi_driver.o
 .group         0x0000000000000000        0xc drivers/Src/stm32f44xx_spi_driver.o
 .group         0x0000000000000000        0xc drivers/Src/stm32f44xx_spi_driver.o
 .group         0x0000000000000000        0xc drivers/Src/stm32f44xx_spi_driver.o
 .group         0x0000000000000000        0xc drivers/Src/stm32f44xx_spi_driver.o
 .group         0x0000000000000000        0xc drivers/Src/stm32f44xx_spi_driver.o
 .group         0x0000000000000000        0xc drivers/Src/stm32f44xx_spi_driver.o
 .group         0x0000000000000000        0xc drivers/Src/stm32f44xx_spi_driver.o
 .group         0x0000000000000000        0xc drivers/Src/stm32f44xx_spi_driver.o
 .group         0x0000000000000000        0xc drivers/Src/stm32f44xx_spi_driver.o
 .text          0x0000000000000000        0x0 drivers/Src/stm32f44xx_spi_driver.o
 .data          0x0000000000000000        0x0 drivers/Src/stm32f44xx_spi_driver.o
 .bss           0x0000000000000000        0x0 drivers/Src/stm32f44xx_spi_driver.o
 .text.SPI_PeriClockControl
                0x0000000000000000       0xe0 drivers/Src/stm32f44xx_spi_driver.o
 .text.SPI_Config
                0x0000000000000000       0xb6 drivers/Src/stm32f44xx_spi_driver.o
 .text.SPI_DeConfig
                0x0000000000000000       0xb0 drivers/Src/stm32f44xx_spi_driver.o
 .text.SPI_PeripheralControl
                0x0000000000000000       0x38 drivers/Src/stm32f44xx_spi_driver.o
 .text.SPI_SSIConfig
                0x0000000000000000       0x38 drivers/Src/stm32f44xx_spi_driver.o
 .text.SPI_SSOEConfig
                0x0000000000000000       0x38 drivers/Src/stm32f44xx_spi_driver.o
 .text.SPI_GetFlagStatus
                0x0000000000000000       0x28 drivers/Src/stm32f44xx_spi_driver.o
 .text.SPI_SendData
                0x0000000000000000       0x72 drivers/Src/stm32f44xx_spi_driver.o
 .text.SPI_ReceiveData
                0x0000000000000000       0x6c drivers/Src/stm32f44xx_spi_driver.o
 .text.SPI_SendData_IT
                0x0000000000000000       0x48 drivers/Src/stm32f44xx_spi_driver.o
 .text.SPI_ReceiveData_IT
                0x0000000000000000       0x48 drivers/Src/stm32f44xx_spi_driver.o
 .text.SPI_IRQConfig
                0x0000000000000000      0x170 drivers/Src/stm32f44xx_spi_driver.o
 .text.SPI_IRQHandling
                0x0000000000000000       0x9a drivers/Src/stm32f44xx_spi_driver.o
 .text.SPI_ClearOVRFlag
                0x0000000000000000       0x20 drivers/Src/stm32f44xx_spi_driver.o
 .text.SPI_CloseTransmission
                0x0000000000000000       0x36 drivers/Src/stm32f44xx_spi_driver.o
 .text.SPI_CloseReception
                0x0000000000000000       0x36 drivers/Src/stm32f44xx_spi_driver.o
 .text.SPI_AppEventCallBack
                0x0000000000000000       0x18 drivers/Src/stm32f44xx_spi_driver.o
 .text.spi_txe_interrupt_handle
                0x0000000000000000       0x76 drivers/Src/stm32f44xx_spi_driver.o
 .text.spi_rxne_interrupt_handle
                0x0000000000000000       0x84 drivers/Src/stm32f44xx_spi_driver.o
 .text.spi_ovr_err_interrupt_handle
                0x0000000000000000       0x30 drivers/Src/stm32f44xx_spi_driver.o
 .debug_info    0x0000000000000000      0x8dc drivers/Src/stm32f44xx_spi_driver.o
 .debug_abbrev  0x0000000000000000      0x1d4 drivers/Src/stm32f44xx_spi_driver.o
 .debug_aranges
                0x0000000000000000       0xb8 drivers/Src/stm32f44xx_spi_driver.o
 .debug_ranges  0x0000000000000000       0xa8 drivers/Src/stm32f44xx_spi_driver.o
 .debug_macro   0x0000000000000000       0xc2 drivers/Src/stm32f44xx_spi_driver.o
 .debug_macro   0x0000000000000000      0xa66 drivers/Src/stm32f44xx_spi_driver.o
 .debug_macro   0x0000000000000000       0x22 drivers/Src/stm32f44xx_spi_driver.o
 .debug_macro   0x0000000000000000       0x8e drivers/Src/stm32f44xx_spi_driver.o
 .debug_macro   0x0000000000000000       0x51 drivers/Src/stm32f44xx_spi_driver.o
 .debug_macro   0x0000000000000000       0xef drivers/Src/stm32f44xx_spi_driver.o
 .debug_macro   0x0000000000000000       0x6a drivers/Src/stm32f44xx_spi_driver.o
 .debug_macro   0x0000000000000000      0x1df drivers/Src/stm32f44xx_spi_driver.o
 .debug_macro   0x0000000000000000      0x174 drivers/Src/stm32f44xx_spi_driver.o
 .debug_macro   0x0000000000000000      0x73d drivers/Src/stm32f44xx_spi_driver.o
 .debug_macro   0x0000000000000000       0x9c drivers/Src/stm32f44xx_spi_driver.o
 .debug_macro   0x0000000000000000       0x81 drivers/Src/stm32f44xx_spi_driver.o
 .debug_macro   0x0000000000000000       0x7a drivers/Src/stm32f44xx_spi_driver.o
 .debug_macro   0x0000000000000000       0x35 drivers/Src/stm32f44xx_spi_driver.o
 .debug_line    0x0000000000000000      0x71a drivers/Src/stm32f44xx_spi_driver.o
 .debug_str     0x0000000000000000     0x6edf drivers/Src/stm32f44xx_spi_driver.o
 .comment       0x0000000000000000       0x7c drivers/Src/stm32f44xx_spi_driver.o
 .debug_frame   0x0000000000000000      0x314 drivers/Src/stm32f44xx_spi_driver.o
 .ARM.attributes
                0x0000000000000000       0x39 drivers/Src/stm32f44xx_spi_driver.o
 .group         0x0000000000000000        0xc drivers/Src/stm32f44xx_usart_driver.o
 .group         0x0000000000000000        0xc drivers/Src/stm32f44xx_usart_driver.o
 .group         0x0000000000000000        0xc drivers/Src/stm32f44xx_usart_driver.o
 .group         0x0000000000000000        0xc drivers/Src/stm32f44xx_usart_driver.o
 .group         0x0000000000000000        0xc drivers/Src/stm32f44xx_usart_driver.o
 .group         0x0000000000000000        0xc drivers/Src/stm32f44xx_usart_driver.o
 .group         0x0000000000000000        0xc drivers/Src/stm32f44xx_usart_driver.o
 .group         0x0000000000000000        0xc drivers/Src/stm32f44xx_usart_driver.o
 .group         0x0000000000000000        0xc drivers/Src/stm32f44xx_usart_driver.o
 .group         0x0000000000000000        0xc drivers/Src/stm32f44xx_usart_driver.o
 .group         0x0000000000000000        0xc drivers/Src/stm32f44xx_usart_driver.o
 .group         0x0000000000000000        0xc drivers/Src/stm32f44xx_usart_driver.o
 .group         0x0000000000000000        0xc drivers/Src/stm32f44xx_usart_driver.o
 .text          0x0000000000000000        0x0 drivers/Src/stm32f44xx_usart_driver.o
 .data          0x0000000000000000        0x0 drivers/Src/stm32f44xx_usart_driver.o
 .bss           0x0000000000000000        0x0 drivers/Src/stm32f44xx_usart_driver.o
 .text.USART_DeConfig
                0x0000000000000000      0x104 drivers/Src/stm32f44xx_usart_driver.o
 .text.USART_ReceiveData
                0x0000000000000000       0xae drivers/Src/stm32f44xx_usart_driver.o
 .text.USART_SendDataIT
                0x0000000000000000       0x58 drivers/Src/stm32f44xx_usart_driver.o
 .text.USART_ReceiveDataIT
                0x0000000000000000       0x48 drivers/Src/stm32f44xx_usart_driver.o
 .text.USART_ClearFlag
                0x0000000000000000       0x24 drivers/Src/stm32f44xx_usart_driver.o
 .text.USART_IRQConfig
                0x0000000000000000      0x170 drivers/Src/stm32f44xx_usart_driver.o
 .text.USART_IRQHandling
                0x0000000000000000      0x366 drivers/Src/stm32f44xx_usart_driver.o
 .debug_macro   0x0000000000000000      0xa66 drivers/Src/stm32f44xx_usart_driver.o
 .debug_macro   0x0000000000000000       0x22 drivers/Src/stm32f44xx_usart_driver.o
 .debug_macro   0x0000000000000000       0x8e drivers/Src/stm32f44xx_usart_driver.o
 .debug_macro   0x0000000000000000       0x51 drivers/Src/stm32f44xx_usart_driver.o
 .debug_macro   0x0000000000000000       0xef drivers/Src/stm32f44xx_usart_driver.o
 .debug_macro   0x0000000000000000       0x6a drivers/Src/stm32f44xx_usart_driver.o
 .debug_macro   0x0000000000000000      0x1df drivers/Src/stm32f44xx_usart_driver.o
 .debug_macro   0x0000000000000000      0x174 drivers/Src/stm32f44xx_usart_driver.o
 .debug_macro   0x0000000000000000      0x73d drivers/Src/stm32f44xx_usart_driver.o
 .debug_macro   0x0000000000000000       0x9c drivers/Src/stm32f44xx_usart_driver.o
 .debug_macro   0x0000000000000000       0x3b drivers/Src/stm32f44xx_usart_driver.o
 .debug_macro   0x0000000000000000       0x81 drivers/Src/stm32f44xx_usart_driver.o
 .text          0x0000000000000000        0x0 c:/st/stm32cubeide_1.3.0/stm32cubeide/plugins/com.st.stm32cube.ide.mcu.externaltools.gnu-tools-for-stm32.7-2018-q2-update.win32_1.0.0.201904181610/tools/bin/../lib/gcc/arm-none-eabi/7.3.1/../../../../arm-none-eabi/lib/thumb/v7e-m/fpv4-sp/hard\libc_nano.a(lib_a-exit.o)
 .data          0x0000000000000000        0x0 c:/st/stm32cubeide_1.3.0/stm32cubeide/plugins/com.st.stm32cube.ide.mcu.externaltools.gnu-tools-for-stm32.7-2018-q2-update.win32_1.0.0.201904181610/tools/bin/../lib/gcc/arm-none-eabi/7.3.1/../../../../arm-none-eabi/lib/thumb/v7e-m/fpv4-sp/hard\libc_nano.a(lib_a-exit.o)
 .bss           0x0000000000000000        0x0 c:/st/stm32cubeide_1.3.0/stm32cubeide/plugins/com.st.stm32cube.ide.mcu.externaltools.gnu-tools-for-stm32.7-2018-q2-update.win32_1.0.0.201904181610/tools/bin/../lib/gcc/arm-none-eabi/7.3.1/../../../../arm-none-eabi/lib/thumb/v7e-m/fpv4-sp/hard\libc_nano.a(lib_a-exit.o)
 .text.exit     0x0000000000000000       0x28 c:/st/stm32cubeide_1.3.0/stm32cubeide/plugins/com.st.stm32cube.ide.mcu.externaltools.gnu-tools-for-stm32.7-2018-q2-update.win32_1.0.0.201904181610/tools/bin/../lib/gcc/arm-none-eabi/7.3.1/../../../../arm-none-eabi/lib/thumb/v7e-m/fpv4-sp/hard\libc_nano.a(lib_a-exit.o)
 .debug_frame   0x0000000000000000       0x28 c:/st/stm32cubeide_1.3.0/stm32cubeide/plugins/com.st.stm32cube.ide.mcu.externaltools.gnu-tools-for-stm32.7-2018-q2-update.win32_1.0.0.201904181610/tools/bin/../lib/gcc/arm-none-eabi/7.3.1/../../../../arm-none-eabi/lib/thumb/v7e-m/fpv4-sp/hard\libc_nano.a(lib_a-exit.o)
 .ARM.attributes
                0x0000000000000000       0x34 c:/st/stm32cubeide_1.3.0/stm32cubeide/plugins/com.st.stm32cube.ide.mcu.externaltools.gnu-tools-for-stm32.7-2018-q2-update.win32_1.0.0.201904181610/tools/bin/../lib/gcc/arm-none-eabi/7.3.1/../../../../arm-none-eabi/lib/thumb/v7e-m/fpv4-sp/hard\libc_nano.a(lib_a-exit.o)
 .text          0x0000000000000000        0x0 c:/st/stm32cubeide_1.3.0/stm32cubeide/plugins/com.st.stm32cube.ide.mcu.externaltools.gnu-tools-for-stm32.7-2018-q2-update.win32_1.0.0.201904181610/tools/bin/../lib/gcc/arm-none-eabi/7.3.1/../../../../arm-none-eabi/lib/thumb/v7e-m/fpv4-sp/hard\libc_nano.a(lib_a-impure.o)
 .data          0x0000000000000000        0x0 c:/st/stm32cubeide_1.3.0/stm32cubeide/plugins/com.st.stm32cube.ide.mcu.externaltools.gnu-tools-for-stm32.7-2018-q2-update.win32_1.0.0.201904181610/tools/bin/../lib/gcc/arm-none-eabi/7.3.1/../../../../arm-none-eabi/lib/thumb/v7e-m/fpv4-sp/hard\libc_nano.a(lib_a-impure.o)
 .bss           0x0000000000000000        0x0 c:/st/stm32cubeide_1.3.0/stm32cubeide/plugins/com.st.stm32cube.ide.mcu.externaltools.gnu-tools-for-stm32.7-2018-q2-update.win32_1.0.0.201904181610/tools/bin/../lib/gcc/arm-none-eabi/7.3.1/../../../../arm-none-eabi/lib/thumb/v7e-m/fpv4-sp/hard\libc_nano.a(lib_a-impure.o)
 .data._impure_ptr
                0x0000000000000000        0x4 c:/st/stm32cubeide_1.3.0/stm32cubeide/plugins/com.st.stm32cube.ide.mcu.externaltools.gnu-tools-for-stm32.7-2018-q2-update.win32_1.0.0.201904181610/tools/bin/../lib/gcc/arm-none-eabi/7.3.1/../../../../arm-none-eabi/lib/thumb/v7e-m/fpv4-sp/hard\libc_nano.a(lib_a-impure.o)
 .data.impure_data
                0x0000000000000000       0x60 c:/st/stm32cubeide_1.3.0/stm32cubeide/plugins/com.st.stm32cube.ide.mcu.externaltools.gnu-tools-for-stm32.7-2018-q2-update.win32_1.0.0.201904181610/tools/bin/../lib/gcc/arm-none-eabi/7.3.1/../../../../arm-none-eabi/lib/thumb/v7e-m/fpv4-sp/hard\libc_nano.a(lib_a-impure.o)
 .rodata._global_impure_ptr
                0x0000000000000000        0x4 c:/st/stm32cubeide_1.3.0/stm32cubeide/plugins/com.st.stm32cube.ide.mcu.externaltools.gnu-tools-for-stm32.7-2018-q2-update.win32_1.0.0.201904181610/tools/bin/../lib/gcc/arm-none-eabi/7.3.1/../../../../arm-none-eabi/lib/thumb/v7e-m/fpv4-sp/hard\libc_nano.a(lib_a-impure.o)
 .ARM.attributes
                0x0000000000000000       0x34 c:/st/stm32cubeide_1.3.0/stm32cubeide/plugins/com.st.stm32cube.ide.mcu.externaltools.gnu-tools-for-stm32.7-2018-q2-update.win32_1.0.0.201904181610/tools/bin/../lib/gcc/arm-none-eabi/7.3.1/../../../../arm-none-eabi/lib/thumb/v7e-m/fpv4-sp/hard\libc_nano.a(lib_a-impure.o)
 .text          0x0000000000000000        0x0 c:/st/stm32cubeide_1.3.0/stm32cubeide/plugins/com.st.stm32cube.ide.mcu.externaltools.gnu-tools-for-stm32.7-2018-q2-update.win32_1.0.0.201904181610/tools/bin/../lib/gcc/arm-none-eabi/7.3.1/../../../../arm-none-eabi/lib/thumb/v7e-m/fpv4-sp/hard\libc_nano.a(lib_a-init.o)
 .data          0x0000000000000000        0x0 c:/st/stm32cubeide_1.3.0/stm32cubeide/plugins/com.st.stm32cube.ide.mcu.externaltools.gnu-tools-for-stm32.7-2018-q2-update.win32_1.0.0.201904181610/tools/bin/../lib/gcc/arm-none-eabi/7.3.1/../../../../arm-none-eabi/lib/thumb/v7e-m/fpv4-sp/hard\libc_nano.a(lib_a-init.o)
 .bss           0x0000000000000000        0x0 c:/st/stm32cubeide_1.3.0/stm32cubeide/plugins/com.st.stm32cube.ide.mcu.externaltools.gnu-tools-for-stm32.7-2018-q2-update.win32_1.0.0.201904181610/tools/bin/../lib/gcc/arm-none-eabi/7.3.1/../../../../arm-none-eabi/lib/thumb/v7e-m/fpv4-sp/hard\libc_nano.a(lib_a-init.o)
 .text          0x0000000000000000        0x0 c:/st/stm32cubeide_1.3.0/stm32cubeide/plugins/com.st.stm32cube.ide.mcu.externaltools.gnu-tools-for-stm32.7-2018-q2-update.win32_1.0.0.201904181610/tools/bin/../lib/gcc/arm-none-eabi/7.3.1/../../../../arm-none-eabi/lib/thumb/v7e-m/fpv4-sp/hard\libc_nano.a(lib_a-memset.o)
 .data          0x0000000000000000        0x0 c:/st/stm32cubeide_1.3.0/stm32cubeide/plugins/com.st.stm32cube.ide.mcu.externaltools.gnu-tools-for-stm32.7-2018-q2-update.win32_1.0.0.201904181610/tools/bin/../lib/gcc/arm-none-eabi/7.3.1/../../../../arm-none-eabi/lib/thumb/v7e-m/fpv4-sp/hard\libc_nano.a(lib_a-memset.o)
 .bss           0x0000000000000000        0x0 c:/st/stm32cubeide_1.3.0/stm32cubeide/plugins/com.st.stm32cube.ide.mcu.externaltools.gnu-tools-for-stm32.7-2018-q2-update.win32_1.0.0.201904181610/tools/bin/../lib/gcc/arm-none-eabi/7.3.1/../../../../arm-none-eabi/lib/thumb/v7e-m/fpv4-sp/hard\libc_nano.a(lib_a-memset.o)
 .text.memset   0x0000000000000000       0x10 c:/st/stm32cubeide_1.3.0/stm32cubeide/plugins/com.st.stm32cube.ide.mcu.externaltools.gnu-tools-for-stm32.7-2018-q2-update.win32_1.0.0.201904181610/tools/bin/../lib/gcc/arm-none-eabi/7.3.1/../../../../arm-none-eabi/lib/thumb/v7e-m/fpv4-sp/hard\libc_nano.a(lib_a-memset.o)
 .debug_frame   0x0000000000000000       0x20 c:/st/stm32cubeide_1.3.0/stm32cubeide/plugins/com.st.stm32cube.ide.mcu.externaltools.gnu-tools-for-stm32.7-2018-q2-update.win32_1.0.0.201904181610/tools/bin/../lib/gcc/arm-none-eabi/7.3.1/../../../../arm-none-eabi/lib/thumb/v7e-m/fpv4-sp/hard\libc_nano.a(lib_a-memset.o)
 .ARM.attributes
                0x0000000000000000       0x34 c:/st/stm32cubeide_1.3.0/stm32cubeide/plugins/com.st.stm32cube.ide.mcu.externaltools.gnu-tools-for-stm32.7-2018-q2-update.win32_1.0.0.201904181610/tools/bin/../lib/gcc/arm-none-eabi/7.3.1/../../../../arm-none-eabi/lib/thumb/v7e-m/fpv4-sp/hard\libc_nano.a(lib_a-memset.o)
 .data          0x0000000000000000        0x0 c:/st/stm32cubeide_1.3.0/stm32cubeide/plugins/com.st.stm32cube.ide.mcu.externaltools.gnu-tools-for-stm32.7-2018-q2-update.win32_1.0.0.201904181610/tools/bin/../lib/gcc/arm-none-eabi/7.3.1/../../../../arm-none-eabi/lib/thumb/v7e-m/fpv4-sp/hard\libc_nano.a(lib_a-strlen.o)
 .bss           0x0000000000000000        0x0 c:/st/stm32cubeide_1.3.0/stm32cubeide/plugins/com.st.stm32cube.ide.mcu.externaltools.gnu-tools-for-stm32.7-2018-q2-update.win32_1.0.0.201904181610/tools/bin/../lib/gcc/arm-none-eabi/7.3.1/../../../../arm-none-eabi/lib/thumb/v7e-m/fpv4-sp/hard\libc_nano.a(lib_a-strlen.o)
 .text          0x0000000000000000        0x0 c:/st/stm32cubeide_1.3.0/stm32cubeide/plugins/com.st.stm32cube.ide.mcu.externaltools.gnu-tools-for-stm32.7-2018-q2-update.win32_1.0.0.201904181610/tools/bin/../lib/gcc/arm-none-eabi/7.3.1/../../../../arm-none-eabi/lib/thumb/v7e-m/fpv4-sp/hard\libnosys.a(_exit.o)
 .data          0x0000000000000000        0x0 c:/st/stm32cubeide_1.3.0/stm32cubeide/plugins/com.st.stm32cube.ide.mcu.externaltools.gnu-tools-for-stm32.7-2018-q2-update.win32_1.0.0.201904181610/tools/bin/../lib/gcc/arm-none-eabi/7.3.1/../../../../arm-none-eabi/lib/thumb/v7e-m/fpv4-sp/hard\libnosys.a(_exit.o)
 .bss           0x0000000000000000        0x0 c:/st/stm32cubeide_1.3.0/stm32cubeide/plugins/com.st.stm32cube.ide.mcu.externaltools.gnu-tools-for-stm32.7-2018-q2-update.win32_1.0.0.201904181610/tools/bin/../lib/gcc/arm-none-eabi/7.3.1/../../../../arm-none-eabi/lib/thumb/v7e-m/fpv4-sp/hard\libnosys.a(_exit.o)
 .text._exit    0x0000000000000000        0x2 c:/st/stm32cubeide_1.3.0/stm32cubeide/plugins/com.st.stm32cube.ide.mcu.externaltools.gnu-tools-for-stm32.7-2018-q2-update.win32_1.0.0.201904181610/tools/bin/../lib/gcc/arm-none-eabi/7.3.1/../../../../arm-none-eabi/lib/thumb/v7e-m/fpv4-sp/hard\libnosys.a(_exit.o)
 .debug_frame   0x0000000000000000       0x20 c:/st/stm32cubeide_1.3.0/stm32cubeide/plugins/com.st.stm32cube.ide.mcu.externaltools.gnu-tools-for-stm32.7-2018-q2-update.win32_1.0.0.201904181610/tools/bin/../lib/gcc/arm-none-eabi/7.3.1/../../../../arm-none-eabi/lib/thumb/v7e-m/fpv4-sp/hard\libnosys.a(_exit.o)
 .ARM.attributes
                0x0000000000000000       0x34 c:/st/stm32cubeide_1.3.0/stm32cubeide/plugins/com.st.stm32cube.ide.mcu.externaltools.gnu-tools-for-stm32.7-2018-q2-update.win32_1.0.0.201904181610/tools/bin/../lib/gcc/arm-none-eabi/7.3.1/../../../../arm-none-eabi/lib/thumb/v7e-m/fpv4-sp/hard\libnosys.a(_exit.o)
 .text          0x0000000000000000        0x0 c:/st/stm32cubeide_1.3.0/stm32cubeide/plugins/com.st.stm32cube.ide.mcu.externaltools.gnu-tools-for-stm32.7-2018-q2-update.win32_1.0.0.201904181610/tools/bin/../lib/gcc/arm-none-eabi/7.3.1/thumb/v7e-m/fpv4-sp/hard/crtend.o
 .data          0x0000000000000000        0x0 c:/st/stm32cubeide_1.3.0/stm32cubeide/plugins/com.st.stm32cube.ide.mcu.externaltools.gnu-tools-for-stm32.7-2018-q2-update.win32_1.0.0.201904181610/tools/bin/../lib/gcc/arm-none-eabi/7.3.1/thumb/v7e-m/fpv4-sp/hard/crtend.o
 .bss           0x0000000000000000        0x0 c:/st/stm32cubeide_1.3.0/stm32cubeide/plugins/com.st.stm32cube.ide.mcu.externaltools.gnu-tools-for-stm32.7-2018-q2-update.win32_1.0.0.201904181610/tools/bin/../lib/gcc/arm-none-eabi/7.3.1/thumb/v7e-m/fpv4-sp/hard/crtend.o
 .eh_frame      0x0000000000000000        0x4 c:/st/stm32cubeide_1.3.0/stm32cubeide/plugins/com.st.stm32cube.ide.mcu.externaltools.gnu-tools-for-stm32.7-2018-q2-update.win32_1.0.0.201904181610/tools/bin/../lib/gcc/arm-none-eabi/7.3.1/thumb/v7e-m/fpv4-sp/hard/crtend.o
 .ARM.attributes
                0x0000000000000000       0x34 c:/st/stm32cubeide_1.3.0/stm32cubeide/plugins/com.st.stm32cube.ide.mcu.externaltools.gnu-tools-for-stm32.7-2018-q2-update.win32_1.0.0.201904181610/tools/bin/../lib/gcc/arm-none-eabi/7.3.1/thumb/v7e-m/fpv4-sp/hard/crtend.o
 .text          0x0000000000000000        0x0 c:/st/stm32cubeide_1.3.0/stm32cubeide/plugins/com.st.stm32cube.ide.mcu.externaltools.gnu-tools-for-stm32.7-2018-q2-update.win32_1.0.0.201904181610/tools/bin/../lib/gcc/arm-none-eabi/7.3.1/thumb/v7e-m/fpv4-sp/hard/crtn.o
 .data          0x0000000000000000        0x0 c:/st/stm32cubeide_1.3.0/stm32cubeide/plugins/com.st.stm32cube.ide.mcu.externaltools.gnu-tools-for-stm32.7-2018-q2-update.win32_1.0.0.201904181610/tools/bin/../lib/gcc/arm-none-eabi/7.3.1/thumb/v7e-m/fpv4-sp/hard/crtn.o
 .bss           0x0000000000000000        0x0 c:/st/stm32cubeide_1.3.0/stm32cubeide/plugins/com.st.stm32cube.ide.mcu.externaltools.gnu-tools-for-stm32.7-2018-q2-update.win32_1.0.0.201904181610/tools/bin/../lib/gcc/arm-none-eabi/7.3.1/thumb/v7e-m/fpv4-sp/hard/crtn.o

Memory Configuration

Name             Origin             Length             Attributes
RAM              0x0000000020000000 0x0000000000020000 xrw
ROM              0x0000000008000000 0x0000000000080000 xr
*default*        0x0000000000000000 0xffffffffffffffff

Linker script and memory map

LOAD c:/st/stm32cubeide_1.3.0/stm32cubeide/plugins/com.st.stm32cube.ide.mcu.externaltools.gnu-tools-for-stm32.7-2018-q2-update.win32_1.0.0.201904181610/tools/bin/../lib/gcc/arm-none-eabi/7.3.1/thumb/v7e-m/fpv4-sp/hard/crti.o
LOAD c:/st/stm32cubeide_1.3.0/stm32cubeide/plugins/com.st.stm32cube.ide.mcu.externaltools.gnu-tools-for-stm32.7-2018-q2-update.win32_1.0.0.201904181610/tools/bin/../lib/gcc/arm-none-eabi/7.3.1/thumb/v7e-m/fpv4-sp/hard/crtbegin.o
LOAD c:/st/stm32cubeide_1.3.0/stm32cubeide/plugins/com.st.stm32cube.ide.mcu.externaltools.gnu-tools-for-stm32.7-2018-q2-update.win32_1.0.0.201904181610/tools/bin/../lib/gcc/arm-none-eabi/7.3.1/../../../../arm-none-eabi/lib/thumb/v7e-m/fpv4-sp/hard/crt0.o
LOAD Src/011usart_tx.o
LOAD Startup/startup_stm32f446retx.o
LOAD drivers/Src/stm32f44xx_gpio_driver.o
LOAD drivers/Src/stm32f44xx_i2c_driver.o
LOAD drivers/Src/stm32f44xx_rcc_driver.o
LOAD drivers/Src/stm32f44xx_spi_driver.o
LOAD drivers/Src/stm32f44xx_usart_driver.o
START GROUP
LOAD c:/st/stm32cubeide_1.3.0/stm32cubeide/plugins/com.st.stm32cube.ide.mcu.externaltools.gnu-tools-for-stm32.7-2018-q2-update.win32_1.0.0.201904181610/tools/bin/../lib/gcc/arm-none-eabi/7.3.1/../../../../arm-none-eabi/lib/thumb/v7e-m/fpv4-sp/hard\libc_nano.a
LOAD c:/st/stm32cubeide_1.3.0/stm32cubeide/plugins/com.st.stm32cube.ide.mcu.externaltools.gnu-tools-for-stm32.7-2018-q2-update.win32_1.0.0.201904181610/tools/bin/../lib/gcc/arm-none-eabi/7.3.1/../../../../arm-none-eabi/lib/thumb/v7e-m/fpv4-sp/hard\libm.a
END GROUP
START GROUP
LOAD c:/st/stm32cubeide_1.3.0/stm32cubeide/plugins/com.st.stm32cube.ide.mcu.externaltools.gnu-tools-for-stm32.7-2018-q2-update.win32_1.0.0.201904181610/tools/bin/../lib/gcc/arm-none-eabi/7.3.1/thumb/v7e-m/fpv4-sp/hard\libgcc.a
LOAD c:/st/stm32cubeide_1.3.0/stm32cubeide/plugins/com.st.stm32cube.ide.mcu.externaltools.gnu-tools-for-stm32.7-2018-q2-update.win32_1.0.0.201904181610/tools/bin/../lib/gcc/arm-none-eabi/7.3.1/../../../../arm-none-eabi/lib/thumb/v7e-m/fpv4-sp/hard\libc_nano.a
END GROUP
START GROUP
LOAD c:/st/stm32cubeide_1.3.0/stm32cubeide/plugins/com.st.stm32cube.ide.mcu.externaltools.gnu-tools-for-stm32.7-2018-q2-update.win32_1.0.0.201904181610/tools/bin/../lib/gcc/arm-none-eabi/7.3.1/thumb/v7e-m/fpv4-sp/hard\libgcc.a
LOAD c:/st/stm32cubeide_1.3.0/stm32cubeide/plugins/com.st.stm32cube.ide.mcu.externaltools.gnu-tools-for-stm32.7-2018-q2-update.win32_1.0.0.201904181610/tools/bin/../lib/gcc/arm-none-eabi/7.3.1/../../../../arm-none-eabi/lib/thumb/v7e-m/fpv4-sp/hard\libc_nano.a
LOAD c:/st/stm32cubeide_1.3.0/stm32cubeide/plugins/com.st.stm32cube.ide.mcu.externaltools.gnu-tools-for-stm32.7-2018-q2-update.win32_1.0.0.201904181610/tools/bin/../lib/gcc/arm-none-eabi/7.3.1/../../../../arm-none-eabi/lib/thumb/v7e-m/fpv4-sp/hard\libnosys.a
END GROUP
START GROUP
LOAD c:/st/stm32cubeide_1.3.0/stm32cubeide/plugins/com.st.stm32cube.ide.mcu.externaltools.gnu-tools-for-stm32.7-2018-q2-update.win32_1.0.0.201904181610/tools/bin/../lib/gcc/arm-none-eabi/7.3.1/thumb/v7e-m/fpv4-sp/hard\libgcc.a
LOAD c:/st/stm32cubeide_1.3.0/stm32cubeide/plugins/com.st.stm32cube.ide.mcu.externaltools.gnu-tools-for-stm32.7-2018-q2-update.win32_1.0.0.201904181610/tools/bin/../lib/gcc/arm-none-eabi/7.3.1/../../../../arm-none-eabi/lib/thumb/v7e-m/fpv4-sp/hard\libc_nano.a
LOAD c:/st/stm32cubeide_1.3.0/stm32cubeide/plugins/com.st.stm32cube.ide.mcu.externaltools.gnu-tools-for-stm32.7-2018-q2-update.win32_1.0.0.201904181610/tools/bin/../lib/gcc/arm-none-eabi/7.3.1/../../../../arm-none-eabi/lib/thumb/v7e-m/fpv4-sp/hard\libnosys.a
END GROUP
LOAD c:/st/stm32cubeide_1.3.0/stm32cubeide/plugins/com.st.stm32cube.ide.mcu.externaltools.gnu-tools-for-stm32.7-2018-q2-update.win32_1.0.0.201904181610/tools/bin/../lib/gcc/arm-none-eabi/7.3.1/thumb/v7e-m/fpv4-sp/hard/crtend.o
LOAD c:/st/stm32cubeide_1.3.0/stm32cubeide/plugins/com.st.stm32cube.ide.mcu.externaltools.gnu-tools-for-stm32.7-2018-q2-update.win32_1.0.0.201904181610/tools/bin/../lib/gcc/arm-none-eabi/7.3.1/thumb/v7e-m/fpv4-sp/hard/crtn.o
                0x0000000020020000                _estack = (ORIGIN (RAM) + LENGTH (RAM))
                0x0000000000000200                _Min_Heap_Size = 0x200
                0x0000000000000400                _Min_Stack_Size = 0x400

.isr_vector     0x0000000008000000      0x1c4
                0x0000000008000000                . = ALIGN (0x4)
 *(.isr_vector)
 .isr_vector    0x0000000008000000      0x1c4 Startup/startup_stm32f446retx.o
                0x0000000008000000                g_pfnVectors
                0x00000000080001c4                . = ALIGN (0x4)

.text           0x00000000080001c4      0xcd0
                0x00000000080001c4                . = ALIGN (0x4)
 *(.text)
 .text          0x00000000080001c4       0x40 c:/st/stm32cubeide_1.3.0/stm32cubeide/plugins/com.st.stm32cube.ide.mcu.externaltools.gnu-tools-for-stm32.7-2018-q2-update.win32_1.0.0.201904181610/tools/bin/../lib/gcc/arm-none-eabi/7.3.1/thumb/v7e-m/fpv4-sp/hard/crtbegin.o
 .text          0x0000000008000204       0x10 c:/st/stm32cubeide_1.3.0/stm32cubeide/plugins/com.st.stm32cube.ide.mcu.externaltools.gnu-tools-for-stm32.7-2018-q2-update.win32_1.0.0.201904181610/tools/bin/../lib/gcc/arm-none-eabi/7.3.1/../../../../arm-none-eabi/lib/thumb/v7e-m/fpv4-sp/hard\libc_nano.a(lib_a-strlen.o)
                0x0000000008000204                strlen
 *(.text*)
 .text.delay    0x0000000008000214       0x2c Src/011usart_tx.o
                0x0000000008000214                delay
 .text.USART2_Init
                0x0000000008000240       0x44 Src/011usart_tx.o
                0x0000000008000240                USART2_Init
 .text.GPIO_ButtonInit
                0x0000000008000284       0x30 Src/011usart_tx.o
                0x0000000008000284                GPIO_ButtonInit
 .text.USART2_GPIOInit
                0x00000000080002b4       0x44 Src/011usart_tx.o
                0x00000000080002b4                USART2_GPIOInit
 .text.main     0x00000000080002f8       0x50 Src/011usart_tx.o
                0x00000000080002f8                main
 .text.Reset_Handler
                0x0000000008000348       0x50 Startup/startup_stm32f446retx.o
                0x0000000008000348                Reset_Handler
 .text.Default_Handler
                0x0000000008000398        0x2 Startup/startup_stm32f446retx.o
                0x0000000008000398                RTC_Alarm_IRQHandler
                0x0000000008000398                EXTI2_IRQHandler
                0x0000000008000398                TIM8_CC_IRQHandler
                0x0000000008000398                SPDIF_Rx_IRQHandler
                0x0000000008000398                DebugMon_Handler
                0x0000000008000398                SPI4_IRQHandler
                0x0000000008000398                TIM1_CC_IRQHandler
                0x0000000008000398                QuadSPI_IRQHandler
                0x0000000008000398                DMA2_Stream5_IRQHandler
                0x0000000008000398                HardFault_Handler
                0x0000000008000398                DMA1_Stream5_IRQHandler
                0x0000000008000398                SysTick_Handler
                0x0000000008000398                PVD_IRQHandler
                0x0000000008000398                SDIO_IRQHandler
                0x0000000008000398                TAMP_STAMP_IRQHandler
                0x0000000008000398                PendSV_Handler
                0x0000000008000398                NMI_Handler
                0x0000000008000398                CAN2_RX1_IRQHandler
                0x0000000008000398                EXTI3_IRQHandler
                0x0000000008000398                TIM8_TRG_COM_TIM14_IRQHandler
                0x0000000008000398                TIM1_UP_TIM10_IRQHandler
                0x0000000008000398                FMPI2C1_error_IRQHandler
                0x0000000008000398                TIM8_UP_TIM13_IRQHandler
                0x0000000008000398                I2C3_ER_IRQHandler
                0x0000000008000398                EXTI0_IRQHandler
                0x0000000008000398                I2C2_EV_IRQHandler
                0x0000000008000398                DMA1_Stream2_IRQHandler
                0x0000000008000398                CAN1_RX0_IRQHandler
                0x0000000008000398                FPU_IRQHandler
                0x0000000008000398                OTG_HS_WKUP_IRQHandler
                0x0000000008000398                UsageFault_Handler
                0x0000000008000398                CAN2_SCE_IRQHandler
                0x0000000008000398                DMA2_Stream2_IRQHandler
                0x0000000008000398                SPI1_IRQHandler
                0x0000000008000398                TIM6_DAC_IRQHandler
                0x0000000008000398                TIM1_BRK_TIM9_IRQHandler
                0x0000000008000398                DCMI_IRQHandler
                0x0000000008000398                CAN2_RX0_IRQHandler
                0x0000000008000398                DMA2_Stream3_IRQHandler
                0x0000000008000398                FMPI2C1_IRQHandler
                0x0000000008000398                SAI2_IRQHandler
                0x0000000008000398                USART6_IRQHandler
                0x0000000008000398                USART3_IRQHandler
                0x0000000008000398                CAN1_RX1_IRQHandler
                0x0000000008000398                UART5_IRQHandler
                0x0000000008000398                DMA2_Stream0_IRQHandler
                0x0000000008000398                TIM4_IRQHandler
                0x0000000008000398                I2C1_EV_IRQHandler
                0x0000000008000398                HDMI_CEC_IRQHandler
                0x0000000008000398                DMA1_Stream6_IRQHandler
                0x0000000008000398                DMA1_Stream1_IRQHandler
                0x0000000008000398                UART4_IRQHandler
                0x0000000008000398                TIM3_IRQHandler
                0x0000000008000398                RCC_IRQHandler
                0x0000000008000398                TIM8_BRK_TIM12_IRQHandler
                0x0000000008000398                Default_Handler
                0x0000000008000398                EXTI15_10_IRQHandler
                0x0000000008000398                ADC_IRQHandler
                0x0000000008000398                DMA1_Stream7_IRQHandler
                0x0000000008000398                TIM7_IRQHandler
                0x0000000008000398                CAN2_TX_IRQHandler
                0x0000000008000398                TIM5_IRQHandler
                0x0000000008000398                DMA2_Stream7_IRQHandler
                0x0000000008000398                I2C3_EV_IRQHandler
                0x0000000008000398                EXTI9_5_IRQHandler
                0x0000000008000398                RTC_WKUP_IRQHandler
                0x0000000008000398                SPI2_IRQHandler
                0x0000000008000398                OTG_HS_EP1_IN_IRQHandler
                0x0000000008000398                MemManage_Handler
                0x0000000008000398                DMA1_Stream0_IRQHandler
                0x0000000008000398                CAN1_TX_IRQHandler
                0x0000000008000398                SVC_Handler
                0x0000000008000398                EXTI4_IRQHandler
                0x0000000008000398                OTG_HS_EP1_OUT_IRQHandler
                0x0000000008000398                WWDG_IRQHandler
                0x0000000008000398                TIM2_IRQHandler
                0x0000000008000398                OTG_FS_WKUP_IRQHandler
                0x0000000008000398                TIM1_TRG_COM_TIM11_IRQHandler
                0x0000000008000398                OTG_HS_IRQHandler
                0x0000000008000398                EXTI1_IRQHandler
                0x0000000008000398                USART2_IRQHandler
                0x0000000008000398                I2C2_ER_IRQHandler
                0x0000000008000398                DMA2_Stream1_IRQHandler
                0x0000000008000398                CAN1_SCE_IRQHandler
                0x0000000008000398                FLASH_IRQHandler
                0x0000000008000398                DMA2_Stream4_IRQHandler
                0x0000000008000398                BusFault_Handler
                0x0000000008000398                USART1_IRQHandler
                0x0000000008000398                OTG_FS_IRQHandler
                0x0000000008000398                SPI3_IRQHandler
                0x0000000008000398                DMA1_Stream4_IRQHandler
                0x0000000008000398                I2C1_ER_IRQHandler
                0x0000000008000398                FMC_IRQHandler
                0x0000000008000398                DMA2_Stream6_IRQHandler
                0x0000000008000398                SAI1_IRQHandler
                0x0000000008000398                DMA1_Stream3_IRQHandler
 *fill*         0x000000000800039a        0x2 
 .text.GPIO_PeriClockControl
                0x000000000800039c      0x1a0 drivers/Src/stm32f44xx_gpio_driver.o
                0x000000000800039c                GPIO_PeriClockControl
 .text.GPIO_Init
                0x000000000800053c      0x338 drivers/Src/stm32f44xx_gpio_driver.o
                0x000000000800053c                GPIO_Init
 .text.GPIO_ReadFromInputPin
                0x0000000008000874       0x2c drivers/Src/stm32f44xx_gpio_driver.o
                0x0000000008000874                GPIO_ReadFromInputPin
 .text.RCC_GetPLLOutputClock
                0x00000000080008a0       0x10 drivers/Src/stm32f44xx_rcc_driver.o
                0x00000000080008a0                RCC_GetPLLOutputClock
 .text.RCC_GetPCLK1Value
                0x00000000080008b0       0xb4 drivers/Src/stm32f44xx_rcc_driver.o
                0x00000000080008b0                RCC_GetPCLK1Value
 .text.RCC_GetPCLK2Value
                0x0000000008000964       0xb4 drivers/Src/stm32f44xx_rcc_driver.o
                0x0000000008000964                RCC_GetPCLK2Value
 .text.USART_PeriClockControl
                0x0000000008000a18      0x140 drivers/Src/stm32f44xx_usart_driver.o
                0x0000000008000a18                USART_PeriClockControl
 .text.USART_SetBaudRate
                0x0000000008000b58       0xe4 drivers/Src/stm32f44xx_usart_driver.o
                0x0000000008000b58                USART_SetBaudRate
 .text.USART_Config
                0x0000000008000c3c       0xfe drivers/Src/stm32f44xx_usart_driver.o
                0x0000000008000c3c                USART_Config
 .text.USART_SendData
                0x0000000008000d3a       0x9a drivers/Src/stm32f44xx_usart_driver.o
                0x0000000008000d3a                USART_SendData
 .text.USART_PeripheralControl
                0x0000000008000dd4       0x38 drivers/Src/stm32f44xx_usart_driver.o
                0x0000000008000dd4                USART_PeripheralControl
 .text.USART_GetFlagStatus
                0x0000000008000e0c       0x28 drivers/Src/stm32f44xx_usart_driver.o
                0x0000000008000e0c                USART_GetFlagStatus
 .text.__libc_init_array
                0x0000000008000e34       0x48 c:/st/stm32cubeide_1.3.0/stm32cubeide/plugins/com.st.stm32cube.ide.mcu.externaltools.gnu-tools-for-stm32.7-2018-q2-update.win32_1.0.0.201904181610/tools/bin/../lib/gcc/arm-none-eabi/7.3.1/../../../../arm-none-eabi/lib/thumb/v7e-m/fpv4-sp/hard\libc_nano.a(lib_a-init.o)
                0x0000000008000e34                __libc_init_array
 *(.glue_7)
 .glue_7        0x0000000008000e7c        0x0 linker stubs
 *(.glue_7t)
 .glue_7t       0x0000000008000e7c        0x0 linker stubs
 *(.eh_frame)
 .eh_frame      0x0000000008000e7c        0x0 c:/st/stm32cubeide_1.3.0/stm32cubeide/plugins/com.st.stm32cube.ide.mcu.externaltools.gnu-tools-for-stm32.7-2018-q2-update.win32_1.0.0.201904181610/tools/bin/../lib/gcc/arm-none-eabi/7.3.1/thumb/v7e-m/fpv4-sp/hard/crtbegin.o
 *(.init)
 .init          0x0000000008000e7c        0x4 c:/st/stm32cubeide_1.3.0/stm32cubeide/plugins/com.st.stm32cube.ide.mcu.externaltools.gnu-tools-for-stm32.7-2018-q2-update.win32_1.0.0.201904181610/tools/bin/../lib/gcc/arm-none-eabi/7.3.1/thumb/v7e-m/fpv4-sp/hard/crti.o
                0x0000000008000e7c                _init
 .init          0x0000000008000e80        0x8 c:/st/stm32cubeide_1.3.0/stm32cubeide/plugins/com.st.stm32cube.ide.mcu.externaltools.gnu-tools-for-stm32.7-2018-q2-update.win32_1.0.0.201904181610/tools/bin/../lib/gcc/arm-none-eabi/7.3.1/thumb/v7e-m/fpv4-sp/hard/crtn.o
 *(.fini)
 .fini          0x0000000008000e88        0x4 c:/st/stm32cubeide_1.3.0/stm32cubeide/plugins/com.st.stm32cube.ide.mcu.externaltools.gnu-tools-for-stm32.7-2018-q2-update.win32_1.0.0.201904181610/tools/bin/../lib/gcc/arm-none-eabi/7.3.1/thumb/v7e-m/fpv4-sp/hard/crti.o
                0x0000000008000e88                _fini
 .fini          0x0000000008000e8c        0x8 c:/st/stm32cubeide_1.3.0/stm32cubeide/plugins/com.st.stm32cube.ide.mcu.externaltools.gnu-tools-for-stm32.7-2018-q2-update.win32_1.0.0.201904181610/tools/bin/../lib/gcc/arm-none-eabi/7.3.1/thumb/v7e-m/fpv4-sp/hard/crtn.o
                0x0000000008000e94                . = ALIGN (0x4)
                0x0000000008000e94                _etext = .

.vfp11_veneer   0x0000000008000e94        0x0
 .vfp11_veneer  0x0000000008000e94        0x0 linker stubs

.v4_bx          0x0000000008000e94        0x0
 .v4_bx         0x0000000008000e94        0x0 linker stubs

.iplt           0x0000000008000e94        0x0
 .iplt          0x0000000008000e94        0x0 c:/st/stm32cubeide_1.3.0/stm32cubeide/plugins/com.st.stm32cube.ide.mcu.externaltools.gnu-tools-for-stm32.7-2018-q2-update.win32_1.0.0.201904181610/tools/bin/../lib/gcc/arm-none-eabi/7.3.1/thumb/v7e-m/fpv4-sp/hard/crtbegin.o

.rel.dyn        0x0000000008000e94        0x0
 .rel.iplt      0x0000000008000e94        0x0 c:/st/stm32cubeide_1.3.0/stm32cubeide/plugins/com.st.stm32cube.ide.mcu.externaltools.gnu-tools-for-stm32.7-2018-q2-update.win32_1.0.0.201904181610/tools/bin/../lib/gcc/arm-none-eabi/7.3.1/thumb/v7e-m/fpv4-sp/hard/crtbegin.o

.rodata         0x0000000008000e94        0x0
                0x0000000008000e94                . = ALIGN (0x4)
 *(.rodata)
 *(.rodata*)
                0x0000000008000e94                . = ALIGN (0x4)

.ARM.extab      0x0000000008000e94        0x0
                0x0000000008000e94                . = ALIGN (0x4)
 *(.ARM.extab* .gnu.linkonce.armextab.*)
                0x0000000008000e94                . = ALIGN (0x4)

.ARM            0x0000000008000e94        0x0
                0x0000000008000e94                . = ALIGN (0x4)
                0x0000000008000e94                __exidx_start = .
 *(.ARM.exidx*)
                0x0000000008000e94                __exidx_end = .
                0x0000000008000e94                . = ALIGN (0x4)

.preinit_array  0x0000000008000e94        0x0
                0x0000000008000e94                . = ALIGN (0x4)
                0x0000000008000e94                PROVIDE (__preinit_array_start = .)
 *(.preinit_array*)
                0x0000000008000e94                PROVIDE (__preinit_array_end = .)
                0x0000000008000e94                . = ALIGN (0x4)

.init_array     0x0000000008000e94        0x4
                0x0000000008000e94                . = ALIGN (0x4)
                0x0000000008000e94                PROVIDE (__init_array_start = .)
 *(SORT_BY_NAME(.init_array.*))
 *(.init_array*)
 .init_array    0x0000000008000e94        0x4 c:/st/stm32cubeide_1.3.0/stm32cubeide/plugins/com.st.stm32cube.ide.mcu.externaltools.gnu-tools-for-stm32.7-2018-q2-update.win32_1.0.0.201904181610/tools/bin/../lib/gcc/arm-none-eabi/7.3.1/thumb/v7e-m/fpv4-sp/hard/crtbegin.o
                0x0000000008000e98                PROVIDE (__init_array_end = .)
                0x0000000008000e98                . = ALIGN (0x4)

.fini_array     0x0000000008000e98        0x4
                0x0000000008000e98                . = ALIGN (0x4)
                [!provide]                        PROVIDE (__fini_array_start = .)
 *(SORT_BY_NAME(.fini_array.*))
 *(.fini_array*)
 .fini_array    0x0000000008000e98        0x4 c:/st/stm32cubeide_1.3.0/stm32cubeide/plugins/com.st.stm32cube.ide.mcu.externaltools.gnu-tools-for-stm32.7-2018-q2-update.win32_1.0.0.201904181610/tools/bin/../lib/gcc/arm-none-eabi/7.3.1/thumb/v7e-m/fpv4-sp/hard/crtbegin.o
                [!provide]                        PROVIDE (__fini_array_end = .)
                0x0000000008000e9c                . = ALIGN (0x4)
                0x0000000008000e9c                _sidata = LOADADDR (.data)

.data           0x0000000020000000      0x418 load address 0x0000000008000e9c
                0x0000000020000000                . = ALIGN (0x4)
                0x0000000020000000                _sdata = .
 *(.data)
 *(.data*)
 .data.msg      0x0000000020000000      0x400 Src/011usart_tx.o
                0x0000000020000000                msg
 .data.AHB_PreScalar
                0x0000000020000400       0x10 drivers/Src/stm32f44xx_rcc_driver.o
                0x0000000020000400                AHB_PreScalar
 .data.APB_PreScalar
                0x0000000020000410        0x8 drivers/Src/stm32f44xx_rcc_driver.o
                0x0000000020000410                APB_PreScalar
                0x0000000020000418                . = ALIGN (0x4)
                0x0000000020000418                _edata = .

.igot.plt       0x0000000020000418        0x0 load address 0x00000000080012b4
 .igot.plt      0x0000000020000418        0x0 c:/st/stm32cubeide_1.3.0/stm32cubeide/plugins/com.st.stm32cube.ide.mcu.externaltools.gnu-tools-for-stm32.7-2018-q2-update.win32_1.0.0.201904181610/tools/bin/../lib/gcc/arm-none-eabi/7.3.1/thumb/v7e-m/fpv4-sp/hard/crtbegin.o
                0x0000000020000418                . = ALIGN (0x4)

.bss            0x0000000020000418       0x40 load address 0x00000000080012b4
                0x0000000020000418                _sbss = .
                0x0000000020000418                __bss_start__ = _sbss
 *(.bss)
 .bss           0x0000000020000418       0x1c c:/st/stm32cubeide_1.3.0/stm32cubeide/plugins/com.st.stm32cube.ide.mcu.externaltools.gnu-tools-for-stm32.7-2018-q2-update.win32_1.0.0.201904181610/tools/bin/../lib/gcc/arm-none-eabi/7.3.1/thumb/v7e-m/fpv4-sp/hard/crtbegin.o
 *(.bss*)
 *(COMMON)
 COMMON         0x0000000020000434       0x24 Src/011usart_tx.o
                0x0000000020000434                usart2_handle
                0x0000000020000458                . = ALIGN (0x4)
                0x0000000020000458                _ebss = .
                0x0000000020000458                __bss_end__ = _ebss

._user_heap_stack
                0x0000000020000458      0x600 load address 0x00000000080012b4
                0x0000000020000458                . = ALIGN (0x8)
                [!provide]                        PROVIDE (end = .)
                [!provide]                        PROVIDE (_end = .)
                0x0000000020000658                . = (. + _Min_Heap_Size)
 *fill*         0x0000000020000458      0x200 
                0x0000000020000a58                . = (. + _Min_Stack_Size)
 *fill*         0x0000000020000658      0x400 
                0x0000000020000a58                . = ALIGN (0x8)

/DISCARD/
 libc.a(*)
 libm.a(*)
 libgcc.a(*)

.ARM.attributes
                0x0000000000000000       0x30
 *(.ARM.attributes)
 .ARM.attributes
                0x0000000000000000       0x22 c:/st/stm32cubeide_1.3.0/stm32cubeide/plugins/com.st.stm32cube.ide.mcu.externaltools.gnu-tools-for-stm32.7-2018-q2-update.win32_1.0.0.201904181610/tools/bin/../lib/gcc/arm-none-eabi/7.3.1/thumb/v7e-m/fpv4-sp/hard/crti.o
 .ARM.attributes
                0x0000000000000022       0x34 c:/st/stm32cubeide_1.3.0/stm32cubeide/plugins/com.st.stm32cube.ide.mcu.externaltools.gnu-tools-for-stm32.7-2018-q2-update.win32_1.0.0.201904181610/tools/bin/../lib/gcc/arm-none-eabi/7.3.1/thumb/v7e-m/fpv4-sp/hard/crtbegin.o
 .ARM.attributes
                0x0000000000000056       0x39 Src/011usart_tx.o
 .ARM.attributes
                0x000000000000008f       0x21 Startup/startup_stm32f446retx.o
 .ARM.attributes
                0x00000000000000b0       0x39 drivers/Src/stm32f44xx_gpio_driver.o
 .ARM.attributes
                0x00000000000000e9       0x39 drivers/Src/stm32f44xx_rcc_driver.o
 .ARM.attributes
                0x0000000000000122       0x39 drivers/Src/stm32f44xx_usart_driver.o
 .ARM.attributes
                0x000000000000015b       0x34 c:/st/stm32cubeide_1.3.0/stm32cubeide/plugins/com.st.stm32cube.ide.mcu.externaltools.gnu-tools-for-stm32.7-2018-q2-update.win32_1.0.0.201904181610/tools/bin/../lib/gcc/arm-none-eabi/7.3.1/../../../../arm-none-eabi/lib/thumb/v7e-m/fpv4-sp/hard\libc_nano.a(lib_a-init.o)
 .ARM.attributes
                0x000000000000018f       0x1b c:/st/stm32cubeide_1.3.0/stm32cubeide/plugins/com.st.stm32cube.ide.mcu.externaltools.gnu-tools-for-stm32.7-2018-q2-update.win32_1.0.0.201904181610/tools/bin/../lib/gcc/arm-none-eabi/7.3.1/../../../../arm-none-eabi/lib/thumb/v7e-m/fpv4-sp/hard\libc_nano.a(lib_a-strlen.o)
 .ARM.attributes
                0x00000000000001aa       0x22 c:/st/stm32cubeide_1.3.0/stm32cubeide/plugins/com.st.stm32cube.ide.mcu.externaltools.gnu-tools-for-stm32.7-2018-q2-update.win32_1.0.0.201904181610/tools/bin/../lib/gcc/arm-none-eabi/7.3.1/thumb/v7e-m/fpv4-sp/hard/crtn.o
OUTPUT(stm32f4xx_driver.elf elf32-littlearm)

.debug_info     0x0000000000000000     0x2172
 .debug_info    0x0000000000000000      0xd94 Src/011usart_tx.o
 .debug_info    0x0000000000000d94       0x22 Startup/startup_stm32f446retx.o
 .debug_info    0x0000000000000db6      0x762 drivers/Src/stm32f44xx_gpio_driver.o
 .debug_info    0x0000000000001518      0x3b8 drivers/Src/stm32f44xx_rcc_driver.o
 .debug_info    0x00000000000018d0      0x8a2 drivers/Src/stm32f44xx_usart_driver.o

.debug_abbrev   0x0000000000000000      0x694
 .debug_abbrev  0x0000000000000000      0x234 Src/011usart_tx.o
 .debug_abbrev  0x0000000000000234       0x12 Startup/startup_stm32f446retx.o
 .debug_abbrev  0x0000000000000246      0x19e drivers/Src/stm32f44xx_gpio_driver.o
 .debug_abbrev  0x00000000000003e4       0xff drivers/Src/stm32f44xx_rcc_driver.o
 .debug_abbrev  0x00000000000004e3      0x1b1 drivers/Src/stm32f44xx_usart_driver.o

.debug_aranges  0x0000000000000000      0x180
 .debug_aranges
                0x0000000000000000       0x40 Src/011usart_tx.o
 .debug_aranges
                0x0000000000000040       0x28 Startup/startup_stm32f446retx.o
 .debug_aranges
                0x0000000000000068       0x68 drivers/Src/stm32f44xx_gpio_driver.o
 .debug_aranges
                0x00000000000000d0       0x30 drivers/Src/stm32f44xx_rcc_driver.o
 .debug_aranges
                0x0000000000000100       0x80 drivers/Src/stm32f44xx_usart_driver.o

.debug_ranges   0x0000000000000000      0x138
 .debug_ranges  0x0000000000000000       0x30 Src/011usart_tx.o
 .debug_ranges  0x0000000000000030       0x20 Startup/startup_stm32f446retx.o
 .debug_ranges  0x0000000000000050       0x58 drivers/Src/stm32f44xx_gpio_driver.o
 .debug_ranges  0x00000000000000a8       0x20 drivers/Src/stm32f44xx_rcc_driver.o
 .debug_ranges  0x00000000000000c8       0x70 drivers/Src/stm32f44xx_usart_driver.o

.debug_macro    0x0000000000000000     0x2462
 .debug_macro   0x0000000000000000      0x179 Src/011usart_tx.o
 .debug_macro   0x0000000000000179      0xa66 Src/011usart_tx.o
 .debug_macro   0x0000000000000bdf       0x22 Src/011usart_tx.o
 .debug_macro   0x0000000000000c01       0x8e Src/011usart_tx.o
 .debug_macro   0x0000000000000c8f       0x51 Src/011usart_tx.o
 .debug_macro   0x0000000000000ce0       0xef Src/011usart_tx.o
 .debug_macro   0x0000000000000dcf       0x6a Src/011usart_tx.o
 .debug_macro   0x0000000000000e39      0x1df Src/011usart_tx.o
 .debug_macro   0x0000000000001018      0x174 Src/011usart_tx.o
 .debug_macro   0x000000000000118c      0x73d Src/011usart_tx.o
 .debug_macro   0x00000000000018c9       0x9c Src/011usart_tx.o
 .debug_macro   0x0000000000001965       0x3b Src/011usart_tx.o
 .debug_macro   0x00000000000019a0       0x81 Src/011usart_tx.o
 .debug_macro   0x0000000000001a21       0x7a Src/011usart_tx.o
 .debug_macro   0x0000000000001a9b       0x46 Src/011usart_tx.o
 .debug_macro   0x0000000000001ae1       0x18 Src/011usart_tx.o
 .debug_macro   0x0000000000001af9       0x3c Src/011usart_tx.o
 .debug_macro   0x0000000000001b35       0x34 Src/011usart_tx.o
 .debug_macro   0x0000000000001b69       0x52 Src/011usart_tx.o
 .debug_macro   0x0000000000001bbb       0x1f Src/011usart_tx.o
 .debug_macro   0x0000000000001bda       0x43 Src/011usart_tx.o
 .debug_macro   0x0000000000001c1d       0x20 Src/011usart_tx.o
 .debug_macro   0x0000000000001c3d      0x1a3 Src/011usart_tx.o
 .debug_macro   0x0000000000001de0      0x330 Src/011usart_tx.o
 .debug_macro   0x0000000000002110       0x10 Src/011usart_tx.o
 .debug_macro   0x0000000000002120       0x35 Src/011usart_tx.o
 .debug_macro   0x0000000000002155       0x20 Src/011usart_tx.o
 .debug_macro   0x0000000000002175       0xc2 drivers/Src/stm32f44xx_gpio_driver.o
 .debug_macro   0x0000000000002237       0x35 drivers/Src/stm32f44xx_gpio_driver.o
 .debug_macro   0x000000000000226c       0xbc drivers/Src/stm32f44xx_rcc_driver.o
 .debug_macro   0x0000000000002328       0xc6 drivers/Src/stm32f44xx_usart_driver.o
 .debug_macro   0x00000000000023ee       0x74 drivers/Src/stm32f44xx_usart_driver.o

.debug_line     0x0000000000000000     0x19fd
 .debug_line    0x0000000000000000      0x673 Src/011usart_tx.o
 .debug_line    0x0000000000000673       0x84 Startup/startup_stm32f446retx.o
 .debug_line    0x00000000000006f7      0x6b9 drivers/Src/stm32f44xx_gpio_driver.o
 .debug_line    0x0000000000000db0      0x501 drivers/Src/stm32f44xx_rcc_driver.o
 .debug_line    0x00000000000012b1      0x74c drivers/Src/stm32f44xx_usart_driver.o

.debug_str      0x0000000000000000     0xa235
 .debug_str     0x0000000000000000     0x9c8a Src/011usart_tx.o
                                       0x9eef (size before relaxing)
 .debug_str     0x0000000000009c8a       0x31 Startup/startup_stm32f446retx.o
                                         0xab (size before relaxing)
 .debug_str     0x0000000000009cbb      0x2b0 drivers/Src/stm32f44xx_gpio_driver.o
                                       0x6e10 (size before relaxing)
 .debug_str     0x0000000000009f6b       0xab drivers/Src/stm32f44xx_rcc_driver.o
                                       0x6bec (size before relaxing)
 .debug_str     0x000000000000a016      0x21f drivers/Src/stm32f44xx_usart_driver.o
                                       0x6f78 (size before relaxing)

.comment        0x0000000000000000       0x7b
 .comment       0x0000000000000000       0x7b Src/011usart_tx.o
                                         0x7c (size before relaxing)
 .comment       0x000000000000007b       0x7c drivers/Src/stm32f44xx_gpio_driver.o
 .comment       0x000000000000007b       0x7c drivers/Src/stm32f44xx_rcc_driver.o
 .comment       0x000000000000007b       0x7c drivers/Src/stm32f44xx_usart_driver.o

.debug_frame    0x0000000000000000      0x504
 .debug_frame   0x0000000000000000       0xb8 Src/011usart_tx.o
 .debug_frame   0x00000000000000b8      0x1a0 drivers/Src/stm32f44xx_gpio_driver.o
 .debug_frame   0x0000000000000258       0x78 drivers/Src/stm32f44xx_rcc_driver.o
 .debug_frame   0x00000000000002d0      0x208 drivers/Src/stm32f44xx_usart_driver.o
 .debug_frame   0x00000000000004d8       0x2c c:/st/stm32cubeide_1.3.0/stm32cubeide/plugins/com.st.stm32cube.ide.mcu.externaltools.gnu-tools-for-stm32.7-2018-q2-update.win32_1.0.0.201904181610/tools/bin/../lib/gcc/arm-none-eabi/7.3.1/../../../../arm-none-eabi/lib/thumb/v7e-m/fpv4-sp/hard\libc_nano.a(lib_a-init.o)
